// Jest Snapshot v1, https://goo.gl/fbAQLP

exports[`should render <Composer /> and compare with snapshot 1`] = `
<textarea
  autoFocus={true}
  data-test-id="Type a message..."
  defaultValue=""
  onChange={[Function]}
  placeholder="Type a message..."
  style={
    Object {
      "flex": 1,
      "fontSize": 16,
      "lineHeight": 16,
      "marginLeft": 10,
    }
  }
/>
`;
