// Jest Snapshot v1, https://goo.gl/fbAQLP

exports[`should render <Day /> and compare with snapshot 1`] = `
<div
  style={
    Object {
      "alignItems": "center",
      "justifyContent": "center",
      "marginBottom": 10,
      "marginTop": 5,
    }
  }
>
  <div
    style={Object {}}
  >
    <span
      style={
        Object {
          "backgroundColor": "transparent",
          "color": "#b2b2b2",
          "fontSize": 12,
          "fontWeight": "600",
        }
      }
    >
      INVALID DATE
    </span>
  </div>
</div>
`;
