// Jest Snapshot v1, https://goo.gl/fbAQLP

exports[`should render <Send /> and compare with snapshot 1`] = `
<button
  data-test-id="send"
  onClick={[Function]}
  style={
    Object {
      "display": "none",
      "height": 44,
      "justifyContent": "flex-end",
    }
  }
  type="button"
>
  <div>
    <span
      style={
        Object {
          "backgroundColor": "transparent",
          "color": "#0084ff",
          "fontSize": 17,
          "fontWeight": "600",
          "marginBottom": 12,
          "marginLeft": 10,
          "marginRight": 10,
        }
      }
    >
      Send
    </span>
  </div>
</button>
`;
