// Jest Snapshot v1, https://goo.gl/fbAQLP

exports[`should match the snapshot 1`] = `
<div
  className="jsx-1850958272 bubble left"
>
  <span
    className="jsx-895878529 text"
    style={Object {}}
  />
  <div
    className="jsx-1850958272 meta"
  >
    <span
      className="jsx-1805036463 left"
      style={Object {}}
    >
      Invalid Date
    </span>
  </div>
</div>
`;
