// Jest Snapshot v1, https://goo.gl/fbAQLP

exports[`should match the snapshot 1`] = `
<div
  className="jsx-2762283137 bubble left"
>
  <span
    className="text"
    style={
      Object {
        "color": "black",
      }
    }
  />
  <span
    className="jsx-2099417310 left"
    style={Object {}}
  >
    Invalid Date
  </span>
</div>
`;
