// Jest Snapshot v1, https://goo.gl/fbAQLP

exports[`should match the snapshot 1`] = `
<div
  className="jsx-233852188"
  style={Object {}}
>
  <textarea
    className="jsx-233852188"
    data-testid="text-input"
    onChange={[Function]}
    onKeyDown={[Function]}
    placeholder="Type a message"
    rows={1}
    style={Object {}}
    value=""
    wrap="soft"
  />
</div>
`;
