// Jest Snapshot v1, https://goo.gl/fbAQLP

exports[`should match the snapshot 1`] = `
<div
  className="jsx-2464195997"
  style={Object {}}
>
  <button
    className="jsx-2464195997"
    disabled={false}
    onClick={[Function]}
    style={Object {}}
    type="button"
  >
    <span
      className="jsx-2464195997"
    >
      +
    </span>
  </button>
</div>
`;
