// Jest Snapshot v1, https://goo.gl/fbAQLP

exports[`should match the snapshot 1`] = `
<div
  className="jsx-3487411988 container"
  style={Object {}}
>
  <div
    className="jsx-3487411988 input"
    contentEditable={true}
    dangerouslySetInnerHTML={
      Object {
        "__html": "",
      }
    }
    data-testid="text-input"
    onInput={[Function]}
    onKeyDown={[Function]}
    style={Object {}}
  />
</div>
`;
