// Jest Snapshot v1, https://goo.gl/fbAQLP

exports[`should match the snapshot 1`] = `
<div
  className="jsx-2974810480"
  style={Object {}}
>
  <textarea
    className="jsx-2974810480"
    data-testid="text-input"
    defaultValue=""
    onChange={[Function]}
    onKeyDown={[Function]}
    placeholder="Type a message"
    rows={1}
    style={Object {}}
    wrap="soft"
  />
</div>
`;
